  Mbar zero_accepted elapsed_seconds expected_point_grid_open_warning_count
1    0             0        8.231088                                      0
  other_warning_count
1                   0
  Mbar zero_accepted elapsed_seconds expected_point_grid_open_warning_count
1 0.01             0        8.042056                                      0
  other_warning_count
1                   0
  Mbar zero_accepted elapsed_seconds expected_point_grid_open_warning_count
1 0.02             0        8.161084                                      0
  other_warning_count
1                   0
  Mbar zero_accepted elapsed_seconds expected_point_grid_open_warning_count
1 0.05             0        8.693614                                      0
  other_warning_count
1                   0
  Mbar zero_accepted elapsed_seconds expected_point_grid_open_warning_count
1  0.1             1        9.288141                                      1
  other_warning_count
1                   0
  Mbar zero_accepted elapsed_seconds expected_point_grid_open_warning_count
1  0.2             1        8.926606                                      8
  other_warning_count
1                   0
  Mbar zero_accepted elapsed_seconds expected_point_grid_open_warning_count
1  0.5             1        8.715364                                     11
  other_warning_count
1                   0
